// Jest Snapshot v1, https://goo.gl/fbAQLP

exports[`Probar el componente <HeroScreen/> Debe mostrar un heroe si el par√°metro y el hero existen 1`] = `
<div
  className="row mt-5"
>
  <div
    className="col-4"
  >
    <img
      alt="Iron Man"
      className="img-thumbnail animate__animated animate__fadeInLeft"
      src="../assets/heroes/marvel-iron.jpg"
    />
  </div>
  <div
    className="col-8 animate__animated animate__fadeIn"
  >
    <h3>
      Iron Man
    </h3>
    <ul
      className="list-group list-group-flush"
    >
      <li
        className="list-group-item"
      >
        <strong>
          Alter ego: 
        </strong>
        Tony Stark
      </li>
      <li
        className="list-group-item"
      >
        <strong>
          Publisher: 
        </strong>
        Marvel Comics
      </li>
      <li
        className="list-group-item"
      >
        <strong>
          First Appearance: 
        </strong>
        Tales of Suspense #39
      </li>
    </ul>
    <p>
      <strong>
        Characters: 
      </strong>
      <i>
        Tony Stark
      </i>
    </p>
    <hr />
    <button
      className="btn btn-outline-secondary"
      onClick={[Function]}
    >
      Return
    </button>
  </div>
</div>
`;
